test_only_file_not_found_caught (tests.test_voice_input_controller.TestVoiceInputController.test_only_file_not_found_caught)
Only FileNotFoundError is caught; other exceptions propagate. ... ERROR
test_open_mic_uses_assembler_pause_finalization (tests.test_voice_input_controller.TestVoiceInputController.test_open_mic_uses_assembler_pause_finalization)
In open_mic mode, phrases are buffered in the assembler and ... ERROR
test_set_open_mic_enabled_noop_in_push_to_talk (tests.test_voice_input_controller.TestVoiceInputController.test_set_open_mic_enabled_noop_in_push_to_talk)
set_open_mic_enabled is a no-op when mode is push_to_talk. ... ERROR
test_set_open_mic_enabled_starts_capture (tests.test_voice_input_controller.TestVoiceInputController.test_set_open_mic_enabled_starts_capture)
set_open_mic_enabled(True) starts the capture thread in open_mic mode. ... ERROR
test_set_open_mic_enabled_stops_capture (tests.test_voice_input_controller.TestVoiceInputController.test_set_open_mic_enabled_stops_capture)
set_open_mic_enabled(False) stops the capture thread. ... ERROR
test_start_listening_in_open_mic_noop_when_open_mic_not_enabled (tests.test_voice_input_controller.TestVoiceInputController.test_start_listening_in_open_mic_noop_when_open_mic_not_enabled)
In open_mic mode, start_listening() is a no-op unless open_mic is enabled. ... ERROR
test_start_listening_starts_capture_thread (tests.test_voice_input_controller.TestVoiceInputController.test_start_listening_starts_capture_thread)
start_listening() spins up the background capture thread and emits ... ERROR
test_stop_listening_flushes_and_emits_transcript (tests.test_voice_input_controller.TestVoiceInputController.test_stop_listening_flushes_and_emits_transcript)
stop_listening() drains the recognizer and emits transcript_ready ... ERROR
test_stop_listening_no_signal_when_recognizer_returns_nothing (tests.test_voice_input_controller.TestVoiceInputController.test_stop_listening_no_signal_when_recognizer_returns_nothing)
stop_listening() emits nothing when the recognizer had no speech. ... ERROR
test_stop_listening_while_not_listening_is_safe (tests.test_voice_input_controller.TestVoiceInputController.test_stop_listening_while_not_listening_is_safe)
Calling stop_listening() without a prior start_listening() must ... ERROR
test_stt_mode_can_be_open_mic (tests.test_voice_input_controller.TestVoiceInputController.test_stt_mode_can_be_open_mic)
STT mode can be set to 'open_mic'. ... ERROR
test_stt_mode_defaults_to_push_to_talk (tests.test_voice_input_controller.TestVoiceInputController.test_stt_mode_defaults_to_push_to_talk)
Default STT mode is 'push_to_talk'. ... ERROR
test_unavailable_signal_emitted_when_model_missing (tests.test_voice_input_controller.TestVoiceInputController.test_unavailable_signal_emitted_when_model_missing)
When SpeechRecognizer raises FileNotFoundError the controller emits ... ERROR

======================================================================
ERROR: test_only_file_not_found_caught (tests.test_voice_input_controller.TestVoiceInputController.test_only_file_not_found_caught)
Only FileNotFoundError is caught; other exceptions propagate.
----------------------------------------------------------------------
Traceback (most recent call last):
  File "c:\Users\Admin\Documents\Dylan\python\Ally\tests\test_voice_input_controller.py", line 101, in test_only_file_not_found_caught
    with patch("gui_qt.prod.voice_input_controller.SpeechRecognizer", factory):
         ~~~~~^^^^^^^^^^^^^^^^^^^^^^^^^^^^^^^^^^^^^^^^^^^^^^^^^^^^^^^^^^^^^^^^
  File "C:\Users\Admin\AppData\Local\Programs\Python\Python314\Lib\unittest\mock.py", line 1487, in __enter__
    self.target = self.getter()
                  ~~~~~~~~~~~^^
  File "C:\Users\Admin\AppData\Local\Programs\Python\Python314\Lib\pkgutil.py", line 473, in resolve_name
    result = getattr(result, p)
AttributeError: module 'gui_qt.prod' has no attribute 'voice_input_controller'

======================================================================
ERROR: test_open_mic_uses_assembler_pause_finalization (tests.test_voice_input_controller.TestVoiceInputController.test_open_mic_uses_assembler_pause_finalization)
In open_mic mode, phrases are buffered in the assembler and
----------------------------------------------------------------------
Traceback (most recent call last):
  File "c:\Users\Admin\Documents\Dylan\python\Ally\tests\test_voice_input_controller.py", line 271, in test_open_mic_uses_assembler_pause_finalization
    with patch("gui_qt.prod.voice_input_controller.SpeechRecognizer", _make_recognizer_factory(mock_rec)):
         ~~~~~^^^^^^^^^^^^^^^^^^^^^^^^^^^^^^^^^^^^^^^^^^^^^^^^^^^^^^^^^^^^^^^^^^^^^^^^^^^^^^^^^^^^^^^^^^^
  File "C:\Users\Admin\AppData\Local\Programs\Python\Python314\Lib\unittest\mock.py", line 1487, in __enter__
    self.target = self.getter()
                  ~~~~~~~~~~~^^
  File "C:\Users\Admin\AppData\Local\Programs\Python\Python314\Lib\pkgutil.py", line 473, in resolve_name
    result = getattr(result, p)
AttributeError: module 'gui_qt.prod' has no attribute 'voice_input_controller'

======================================================================
ERROR: test_set_open_mic_enabled_noop_in_push_to_talk (tests.test_voice_input_controller.TestVoiceInputController.test_set_open_mic_enabled_noop_in_push_to_talk)
set_open_mic_enabled is a no-op when mode is push_to_talk.
----------------------------------------------------------------------
Traceback (most recent call last):
  File "c:\Users\Admin\Documents\Dylan\python\Ally\tests\test_voice_input_controller.py", line 131, in test_set_open_mic_enabled_noop_in_push_to_talk
    with patch("gui_qt.prod.voice_input_controller.SpeechRecognizer", _make_recognizer_factory(mock_rec)):
         ~~~~~^^^^^^^^^^^^^^^^^^^^^^^^^^^^^^^^^^^^^^^^^^^^^^^^^^^^^^^^^^^^^^^^^^^^^^^^^^^^^^^^^^^^^^^^^^^
  File "C:\Users\Admin\AppData\Local\Programs\Python\Python314\Lib\unittest\mock.py", line 1487, in __enter__
    self.target = self.getter()
                  ~~~~~~~~~~~^^
  File "C:\Users\Admin\AppData\Local\Programs\Python\Python314\Lib\pkgutil.py", line 473, in resolve_name
    result = getattr(result, p)
AttributeError: module 'gui_qt.prod' has no attribute 'voice_input_controller'

======================================================================
ERROR: test_set_open_mic_enabled_starts_capture (tests.test_voice_input_controller.TestVoiceInputController.test_set_open_mic_enabled_starts_capture)
set_open_mic_enabled(True) starts the capture thread in open_mic mode.
----------------------------------------------------------------------
Traceback (most recent call last):
  File "c:\Users\Admin\Documents\Dylan\python\Ally\tests\test_voice_input_controller.py", line 233, in test_set_open_mic_enabled_starts_capture
    with patch("gui_qt.prod.voice_input_controller.SpeechRecognizer", _make_recognizer_factory(mock_rec)):
         ~~~~~^^^^^^^^^^^^^^^^^^^^^^^^^^^^^^^^^^^^^^^^^^^^^^^^^^^^^^^^^^^^^^^^^^^^^^^^^^^^^^^^^^^^^^^^^^^
  File "C:\Users\Admin\AppData\Local\Programs\Python\Python314\Lib\unittest\mock.py", line 1487, in __enter__
    self.target = self.getter()
                  ~~~~~~~~~~~^^
  File "C:\Users\Admin\AppData\Local\Programs\Python\Python314\Lib\pkgutil.py", line 473, in resolve_name
    result = getattr(result, p)
AttributeError: module 'gui_qt.prod' has no attribute 'voice_input_controller'

======================================================================
ERROR: test_set_open_mic_enabled_stops_capture (tests.test_voice_input_controller.TestVoiceInputController.test_set_open_mic_enabled_stops_capture)
set_open_mic_enabled(False) stops the capture thread.
----------------------------------------------------------------------
Traceback (most recent call last):
  File "c:\Users\Admin\Documents\Dylan\python\Ally\tests\test_voice_input_controller.py", line 250, in test_set_open_mic_enabled_stops_capture
    with patch("gui_qt.prod.voice_input_controller.SpeechRecognizer", _make_recognizer_factory(mock_rec)):
         ~~~~~^^^^^^^^^^^^^^^^^^^^^^^^^^^^^^^^^^^^^^^^^^^^^^^^^^^^^^^^^^^^^^^^^^^^^^^^^^^^^^^^^^^^^^^^^^^
  File "C:\Users\Admin\AppData\Local\Programs\Python\Python314\Lib\unittest\mock.py", line 1487, in __enter__
    self.target = self.getter()
                  ~~~~~~~~~~~^^
  File "C:\Users\Admin\AppData\Local\Programs\Python\Python314\Lib\pkgutil.py", line 473, in resolve_name
    result = getattr(result, p)
AttributeError: module 'gui_qt.prod' has no attribute 'voice_input_controller'

======================================================================
ERROR: test_start_listening_in_open_mic_noop_when_open_mic_not_enabled (tests.test_voice_input_controller.TestVoiceInputController.test_start_listening_in_open_mic_noop_when_open_mic_not_enabled)
In open_mic mode, start_listening() is a no-op unless open_mic is enabled.
----------------------------------------------------------------------
Traceback (most recent call last):
  File "c:\Users\Admin\Documents\Dylan\python\Ally\tests\test_voice_input_controller.py", line 299, in test_start_listening_in_open_mic_noop_when_open_mic_not_enabled
    with patch("gui_qt.prod.voice_input_controller.SpeechRecognizer", _make_recognizer_factory(mock_rec)):
         ~~~~~^^^^^^^^^^^^^^^^^^^^^^^^^^^^^^^^^^^^^^^^^^^^^^^^^^^^^^^^^^^^^^^^^^^^^^^^^^^^^^^^^^^^^^^^^^^
  File "C:\Users\Admin\AppData\Local\Programs\Python\Python314\Lib\unittest\mock.py", line 1487, in __enter__
    self.target = self.getter()
                  ~~~~~~~~~~~^^
  File "C:\Users\Admin\AppData\Local\Programs\Python\Python314\Lib\pkgutil.py", line 473, in resolve_name
    result = getattr(result, p)
AttributeError: module 'gui_qt.prod' has no attribute 'voice_input_controller'

======================================================================
ERROR: test_start_listening_starts_capture_thread (tests.test_voice_input_controller.TestVoiceInputController.test_start_listening_starts_capture_thread)
start_listening() spins up the background capture thread and emits
----------------------------------------------------------------------
Traceback (most recent call last):
  File "c:\Users\Admin\Documents\Dylan\python\Ally\tests\test_voice_input_controller.py", line 154, in test_start_listening_starts_capture_thread
    with patch("gui_qt.prod.voice_input_controller.SpeechRecognizer", _make_recognizer_factory(mock_rec)):
         ~~~~~^^^^^^^^^^^^^^^^^^^^^^^^^^^^^^^^^^^^^^^^^^^^^^^^^^^^^^^^^^^^^^^^^^^^^^^^^^^^^^^^^^^^^^^^^^^
  File "C:\Users\Admin\AppData\Local\Programs\Python\Python314\Lib\unittest\mock.py", line 1487, in __enter__
    self.target = self.getter()
                  ~~~~~~~~~~~^^
  File "C:\Users\Admin\AppData\Local\Programs\Python\Python314\Lib\pkgutil.py", line 473, in resolve_name
    result = getattr(result, p)
AttributeError: module 'gui_qt.prod' has no attribute 'voice_input_controller'

======================================================================
ERROR: test_stop_listening_flushes_and_emits_transcript (tests.test_voice_input_controller.TestVoiceInputController.test_stop_listening_flushes_and_emits_transcript)
stop_listening() drains the recognizer and emits transcript_ready
----------------------------------------------------------------------
Traceback (most recent call last):
  File "c:\Users\Admin\Documents\Dylan\python\Ally\tests\test_voice_input_controller.py", line 176, in test_stop_listening_flushes_and_emits_transcript
    with patch("gui_qt.prod.voice_input_controller.SpeechRecognizer", _make_recognizer_factory(mock_rec)):
         ~~~~~^^^^^^^^^^^^^^^^^^^^^^^^^^^^^^^^^^^^^^^^^^^^^^^^^^^^^^^^^^^^^^^^^^^^^^^^^^^^^^^^^^^^^^^^^^^
  File "C:\Users\Admin\AppData\Local\Programs\Python\Python314\Lib\unittest\mock.py", line 1487, in __enter__
    self.target = self.getter()
                  ~~~~~~~~~~~^^
  File "C:\Users\Admin\AppData\Local\Programs\Python\Python314\Lib\pkgutil.py", line 473, in resolve_name
    result = getattr(result, p)
AttributeError: module 'gui_qt.prod' has no attribute 'voice_input_controller'

======================================================================
ERROR: test_stop_listening_no_signal_when_recognizer_returns_nothing (tests.test_voice_input_controller.TestVoiceInputController.test_stop_listening_no_signal_when_recognizer_returns_nothing)
stop_listening() emits nothing when the recognizer had no speech.
----------------------------------------------------------------------
Traceback (most recent call last):
  File "c:\Users\Admin\Documents\Dylan\python\Ally\tests\test_voice_input_controller.py", line 196, in test_stop_listening_no_signal_when_recognizer_returns_nothing
    with patch("gui_qt.prod.voice_input_controller.SpeechRecognizer", _make_recognizer_factory(mock_rec)):
         ~~~~~^^^^^^^^^^^^^^^^^^^^^^^^^^^^^^^^^^^^^^^^^^^^^^^^^^^^^^^^^^^^^^^^^^^^^^^^^^^^^^^^^^^^^^^^^^^
  File "C:\Users\Admin\AppData\Local\Programs\Python\Python314\Lib\unittest\mock.py", line 1487, in __enter__
    self.target = self.getter()
                  ~~~~~~~~~~~^^
  File "C:\Users\Admin\AppData\Local\Programs\Python\Python314\Lib\pkgutil.py", line 473, in resolve_name
    result = getattr(result, p)
AttributeError: module 'gui_qt.prod' has no attribute 'voice_input_controller'

======================================================================
ERROR: test_stop_listening_while_not_listening_is_safe (tests.test_voice_input_controller.TestVoiceInputController.test_stop_listening_while_not_listening_is_safe)
Calling stop_listening() without a prior start_listening() must
----------------------------------------------------------------------
Traceback (most recent call last):
  File "c:\Users\Admin\Documents\Dylan\python\Ally\tests\test_voice_input_controller.py", line 212, in test_stop_listening_while_not_listening_is_safe
    with patch("gui_qt.prod.voice_input_controller.SpeechRecognizer", _make_recognizer_factory(mock_rec)):
         ~~~~~^^^^^^^^^^^^^^^^^^^^^^^^^^^^^^^^^^^^^^^^^^^^^^^^^^^^^^^^^^^^^^^^^^^^^^^^^^^^^^^^^^^^^^^^^^^
  File "C:\Users\Admin\AppData\Local\Programs\Python\Python314\Lib\unittest\mock.py", line 1487, in __enter__
    self.target = self.getter()
                  ~~~~~~~~~~~^^
  File "C:\Users\Admin\AppData\Local\Programs\Python\Python314\Lib\pkgutil.py", line 473, in resolve_name
    result = getattr(result, p)
AttributeError: module 'gui_qt.prod' has no attribute 'voice_input_controller'

======================================================================
ERROR: test_stt_mode_can_be_open_mic (tests.test_voice_input_controller.TestVoiceInputController.test_stt_mode_can_be_open_mic)
STT mode can be set to 'open_mic'.
----------------------------------------------------------------------
Traceback (most recent call last):
  File "c:\Users\Admin\Documents\Dylan\python\Ally\tests\test_voice_input_controller.py", line 123, in test_stt_mode_can_be_open_mic
    with patch("gui_qt.prod.voice_input_controller.SpeechRecognizer", _make_recognizer_factory(_mock_recognizer())):
         ~~~~~^^^^^^^^^^^^^^^^^^^^^^^^^^^^^^^^^^^^^^^^^^^^^^^^^^^^^^^^^^^^^^^^^^^^^^^^^^^^^^^^^^^^^^^^^^^^^^^^^^^^^
  File "C:\Users\Admin\AppData\Local\Programs\Python\Python314\Lib\unittest\mock.py", line 1487, in __enter__
    self.target = self.getter()
                  ~~~~~~~~~~~^^
  File "C:\Users\Admin\AppData\Local\Programs\Python\Python314\Lib\pkgutil.py", line 473, in resolve_name
    result = getattr(result, p)
AttributeError: module 'gui_qt.prod' has no attribute 'voice_input_controller'

======================================================================
ERROR: test_stt_mode_defaults_to_push_to_talk (tests.test_voice_input_controller.TestVoiceInputController.test_stt_mode_defaults_to_push_to_talk)
Default STT mode is 'push_to_talk'.
----------------------------------------------------------------------
Traceback (most recent call last):
  File "c:\Users\Admin\Documents\Dylan\python\Ally\tests\test_voice_input_controller.py", line 116, in test_stt_mode_defaults_to_push_to_talk
    with patch("gui_qt.prod.voice_input_controller.SpeechRecognizer", _make_recognizer_factory(_mock_recognizer())):
         ~~~~~^^^^^^^^^^^^^^^^^^^^^^^^^^^^^^^^^^^^^^^^^^^^^^^^^^^^^^^^^^^^^^^^^^^^^^^^^^^^^^^^^^^^^^^^^^^^^^^^^^^^^
  File "C:\Users\Admin\AppData\Local\Programs\Python\Python314\Lib\unittest\mock.py", line 1487, in __enter__
    self.target = self.getter()
                  ~~~~~~~~~~~^^
  File "C:\Users\Admin\AppData\Local\Programs\Python\Python314\Lib\pkgutil.py", line 473, in resolve_name
    result = getattr(result, p)
AttributeError: module 'gui_qt.prod' has no attribute 'voice_input_controller'

======================================================================
ERROR: test_unavailable_signal_emitted_when_model_missing (tests.test_voice_input_controller.TestVoiceInputController.test_unavailable_signal_emitted_when_model_missing)
When SpeechRecognizer raises FileNotFoundError the controller emits
----------------------------------------------------------------------
Traceback (most recent call last):
  File "c:\Users\Admin\Documents\Dylan\python\Ally\tests\test_voice_input_controller.py", line 79, in test_unavailable_signal_emitted_when_model_missing
    with patch("gui_qt.prod.voice_input_controller.SpeechRecognizer", factory):
         ~~~~~^^^^^^^^^^^^^^^^^^^^^^^^^^^^^^^^^^^^^^^^^^^^^^^^^^^^^^^^^^^^^^^^
  File "C:\Users\Admin\AppData\Local\Programs\Python\Python314\Lib\unittest\mock.py", line 1487, in __enter__
    self.target = self.getter()
                  ~~~~~~~~~~~^^
  File "C:\Users\Admin\AppData\Local\Programs\Python\Python314\Lib\pkgutil.py", line 473, in resolve_name
    result = getattr(result, p)
AttributeError: module 'gui_qt.prod' has no attribute 'voice_input_controller'

----------------------------------------------------------------------
Ran 13 tests in 1.532s

FAILED (errors=13)
